
> yessalate@0.1.0 build
> next build

Ôû▓ Next.js 16.1.1 (Turbopack)
- Environments: .env

node.exe : ÔÜá The "middleware" file convention is deprecated. Please use "proxy" instead. Learn more: 
https://nextjs.org/docs/messages/middleware-to-proxy
Au caractère Ligne:1 : 1
+ & "C:\Program Files\nodejs/node.exe" "C:\Program Files\nodejs/node_mo ...
+ ~~~~~~~~~~~~~~~~~~~~~~~~~~~~~~~~~~~~~~~~~~~~~~~~~~~~~~~~~~~~~~~~~~~~~
    + CategoryInfo          : NotSpecified: (ÔÜá The "middle...leware-to-proxy:String) [], RemoteException
    + FullyQualifiedErrorId : NativeCommandError
 
  Creating an optimized production build ...
Ô£ô Compiled successfully in 7.2s
  Running TypeScript ...
Failed to compile.

./app/api/alerts/[id]/acknowledge/route.ts:49:57
Type error: Property 'id' does not exist on type 'Promise<{ id: string; }>'.

[0m [90m 47 |[39m
 [90m 48 |[39m   } [36mcatch[39m (error) {
[31m[1m>[22m[39m[90m 49 |[39m     console[33m.[39merror([32m`Erreur API POST 
/api/alerts/${params.id}/acknowledge:`[39m[33m,[39m error)[33m;[39m
 [90m    |[39m                                                         [31m[1m^[22m[39m
 [90m 50 |[39m     [36mreturn[39m [33mNextResponse[39m[33m.[39mjson(
 [90m 51 |[39m       {
 [90m 52 |[39m         success[33m:[39m [36mfalse[39m[33m,[39m[0m
Next.js build worker exited with code: 1 and signal: null
